// Jest Snapshot v1, https://goo.gl/fbAQLP

exports[`should render ExpenseList with empty message 1`] = `
<div>
  <p>
    No Expenses
  </p>
</div>
`;

exports[`should render ExpenseList with expenses 1`] = `
<div>
  <ExpenseListItem
    amount={150}
    createdAt={0}
    description="Gum"
    id="1"
    key="0"
    note=""
  />
  <ExpenseListItem
    amount={2478}
    createdAt={-345600000}
    description="Candy"
    id="2"
    key="1"
    note=""
  />
  <ExpenseListItem
    amount={1548875}
    createdAt={345600000}
    description="Car"
    id="3"
    key="2"
    note=""
  />
</div>
`;
